// Vitest Snapshot v1, https://vitest.dev/guide/snapshot.html

exports[`dialog-layer contextualize — snapshot сборки промта > system prompt стабилен (правила standalone-формулировки) > system 1`] = `
"Ты — помощник по
переформулированию вопросов с учётом контекста диалога.

Тебе дают:
1. Сжатое содержание ранее обсуждённого (если есть) — раздел «Контекст».
2. Последние сообщения диалога — раздел «История».
3. Текущий вопрос пользователя — раздел «Вопрос».

Твоя задача — вернуть standalone-формулировку текущего вопроса, в которой
все местоимения и подразумеваемые сущности заменены на конкретные имена
из истории. Standalone-вопрос должен быть полным и понятным БЕЗ
дополнительного контекста.

Правила:
- Если вопрос уже standalone (содержит все нужные сущности) — верни его без
  изменений.
- Не добавляй ничего сверх того, что явно подразумевалось.
- Не отвечай на вопрос, только переформулируй его.
- Сохраняй язык оригинала (если вопрос на русском — переформулировка
  тоже на русском).

Отвечай ОДНОЙ строкой со standalone-вопросом, без префиксов и пояснений,
без кавычек."
`;

exports[`dialog-layer contextualize — snapshot сборки промта > user prompt стабилен без summary и без history (только вопрос) > user-question-only 1`] = `
"Вопрос:
Кто отвечает за миграцию на новый CRM?

Standalone-вопрос:"
`;

exports[`dialog-layer contextualize — snapshot сборки промта > user prompt стабилен с summary + history + текущим вопросом > user-with-history 1`] = `
"Контекст (сжато):
Обсуждали ценообразование продукта X для рынка СНГ, упоминался конкурент Y.

История (последние сообщения):
- Пользователь: Расскажи про продукт X.
- Ассистент: Продукт X — SaaS-платформа для аналитики встреч. Тарифы от 5к до 50к/мес.

Вопрос:
А сколько стоит?

Standalone-вопрос:"
`;
