// Vitest Snapshot v1, https://vitest.dev/guide/snapshot.html

exports[`block-linker — snapshot сборки промта > JSON Schema стабилен > schema 1`] = `
{
  "additionalProperties": false,
  "properties": {
    "confidence": {
      "maximum": 1,
      "minimum": 0,
      "type": "number",
    },
    "explanation": {
      "maxLength": 500,
      "type": "string",
    },
    "relationType": {
      "enum": [
        "develops",
        "contradicts",
        "causes",
        "consequences_of",
        "shares_topic",
        "shares_entity",
        "question_answered_by",
        "none",
      ],
      "type": "string",
    },
    "validFrom": {
      "description": "Если в блоках явно указано когда факт стал валиден ("с октября", "с 2025-Q3") — ISO date (YYYY-MM-DD / YYYY-MM / YYYY); иначе null.",
      "maxLength": 40,
      "type": [
        "string",
        "null",
      ],
    },
    "validUntil": {
      "description": "Если связь явно завершена в блоках ("до конца квартала", "до подписания контракта") — ISO date; иначе null (открытый интервал).",
      "maxLength": 40,
      "type": [
        "string",
        "null",
      ],
    },
  },
  "required": [
    "relationType",
    "confidence",
    "explanation",
    "validFrom",
    "validUntil",
  ],
  "type": "object",
}
`;

exports[`block-linker — snapshot сборки промта > system prompt стабилен > system 1`] = `
"Ты — эксперт по связям между знаниями.
На вход даются два IdeaBlock — A (новый) и B (кандидат). Каждый — пара "критический вопрос → доверенный ответ".

Твоя задача: определить, есть ли между A и B устойчивая логическая связь, и если да — какого типа.

Возможные типы связей (выбирай один):
- "develops" — B продолжает / расширяет / уточняет идею A.
- "contradicts" — B противоречит A (разные ответы на тот же вопрос).
- "causes" — A является причиной B (A влечёт B).
- "consequences_of" — A является следствием B.
- "shares_topic" — оба про одну тему / область, но без причинной связи.
- "shares_entity" — оба упоминают одну ключевую сущность (клиента, проект и т.п.).
- "question_answered_by" — критический вопрос A прямо отвечает trustedAnswer B (или наоборот).
- "none" — связи нет, блоки независимы.

Правила:
- Связь должна быть СОДЕРЖАТЕЛЬНОЙ. Если просто "оба про маркетинг" — это слишком общо, ставь "none".
- Не выдумывай связь, если её нет. "none" — нормальный ответ.
- "confidence" ∈ [0,1] — насколько ты уверен. 0.9+ только если связь явная.
- "explanation" — 1-2 короткие фразы на русском.
- "validFrom" / "validUntil" — ISO-дата (YYYY-MM-DD / YYYY-MM / YYYY), если в исходных блоках есть явный временной указатель ("с октября", "до конца квартала", "до подписания контракта"). Если ничего не сказано — null. НЕ ВЫДУМЫВАЙ даты.
- Ответ — строго JSON по схеме. Никакого markdown.

Шкала confidence (0..1):
- 0.3 — намёк, одиночная фраза, нет подтверждения вторым высказыванием.
- 0.6 — явное высказывание одного участника, без обсуждения.
- 0.85 — обсуждённое решение / явное поручение с ответственным и сроком.
- 0.95+ — обсуждено двумя+ участниками, согласовано, зафиксировано.

ПРАВИЛО: лучше осторожнее. 0.5 честных лучше 0.9 с галлюцинацией.
Если не уверен — снижай confidence, не повышай."
`;

exports[`block-linker — snapshot сборки промта > перечень типов связей стабилен > link-types 1`] = `
[
  "develops",
  "contradicts",
  "causes",
  "consequences_of",
  "shares_topic",
  "shares_entity",
  "question_answered_by",
]
`;
