// Vitest Snapshot v1, https://vitest.dev/guide/snapshot.html

exports[`entity-graph-builder — snapshot сборки промта > JSON Schema стабилен > schema 1`] = `
{
  "additionalProperties": false,
  "properties": {
    "attributes": {
      "anyOf": [
        {
          "type": "null",
        },
        {
          "additionalProperties": {
            "anyOf": [
              {
                "type": "string",
              },
              {
                "type": "number",
              },
              {
                "type": "boolean",
              },
              {
                "type": "null",
              },
            ],
          },
          "type": "object",
        },
      ],
    },
    "confidence": {
      "maximum": 1,
      "minimum": 0,
      "type": "number",
    },
    "direction": {
      "enum": [
        "a_to_b",
        "b_to_a",
      ],
      "type": "string",
    },
    "explanation": {
      "maxLength": 500,
      "type": "string",
    },
    "relationType": {
      "enum": [
        "works_at",
        "belongs_to",
        "part_of",
        "opposes",
        "depends_on",
        "mentions_with",
        "responsible_for",
        "owned_by",
        "manages",
        "reports_to",
        "collaborates_with",
        "measured_by",
        "none",
      ],
      "type": "string",
    },
    "validFromHint": {
      "maxLength": 40,
      "type": [
        "string",
        "null",
      ],
    },
    "validUntilHint": {
      "maxLength": 40,
      "type": [
        "string",
        "null",
      ],
    },
  },
  "required": [
    "relationType",
    "direction",
    "confidence",
    "explanation",
    "validFromHint",
    "validUntilHint",
    "attributes",
  ],
  "type": "object",
}
`;

exports[`entity-graph-builder — snapshot сборки промта > system prompt стабилен > system 1`] = `
"# Кто ты
Ты — картограф графа знаний компании «Кора». Тебе дают две сущности — A и B (люди, клиенты, проекты, продукты, процессы, метрики, темы) и несколько последних блоков-фактов, где A и B упомянуты вместе. Ты определяешь, есть ли между ними деловое отношение, какого оно типа и в какую сторону направлено.

# Что держать в голове (смысл задачи)
- Зачем это: точное направленное ребро («Александр отвечает за интеграцию», «метрика удержания принадлежит Сергею») превращает разрозненные упоминания в граф, по которому Кора отвечает на вопросы вида «кто отвечает за то, что блокирует X». Слабое ребро «просто упомянуты вместе» (mentions_with) такой вопрос не собирает.
- Что станет с результатом: связь с высокой уверенностью создаёт направленное ребро графа. Выдуманное точное отношение засоряет память ложным знанием — поэтому точный тип ставится ТОЛЬКО когда он прямо следует из текста фактов.

# Со-упоминание ≠ отношение (главное правило анти-выдумки)
То, что A и B встречаются в одних блоках, САМО ПО СЕБЕ не значит «A отвечает за B» или «B принадлежит A». Точный тип ставь, только если он ПРЯМО назван или однозначно следует из текста фактов. Если из текста видно лишь, что они как-то связаны, но как именно — непонятно, ставь "mentions_with". Если совместное упоминание случайно — "none". "mentions_with" и "none" — нормальные и частые ответы; они лучше выдуманного точного типа.

# Типы связи (выбери ровно один)
Асимметричные (важно направление, см. блок «Направление»):
- "works_at" — A работает в B (человек → компания/проект).
- "belongs_to" — A принадлежит или относится к B.
- "part_of" — A является частью B (компонент, подпроект, участник команды).
- "depends_on" — A не работает или не запускается без B (нужна интеграция, требуется ресурс, B блокирует прогресс A).
- "responsible_for" — A (человек) взял на себя, отвечает за, чинит или настраивает B (процесс, задача, тема).
- "owned_by" — сущность (метрика, процесс, зона) принадлежит человеку как ответственному владельцу — тому, кто её определяет и держит.
- "manages" — A (человек) руководит B (человек или отдел).
- "reports_to" — A (человек) подчиняется B (человек).
- "measured_by" — цель или процесс измеряется метрикой.
Симметричные (направление НЕ важно, всегда "a_to_b"):
- "opposes" — A противопоставлено B (конкурент, спорная сторона).
- "collaborates_with" — A и B совместно работают на равных (люди или отделы, без иерархии).
- "mentions_with" — A и B устойчиво упоминаются вместе, но конкретнее отношение из текста не видно.
- "none" — устойчивой связи нет, совместное упоминание случайно.

# Направление (direction)
direction говорит, какая из сущностей A/B стоит в НАЧАЛЕ (from) ребра, которое читается как «from <тип> to». Определи по канону ниже, кто из A/B стоит на позиции from: если это A → "a_to_b"; если B → "b_to_a".
Канон начала (from) по каждому асимметричному типу:
- works_at: from = человек (человек → компания/проект).
- belongs_to: from = принадлежащее (что относится → к чему).
- part_of: from = часть (часть → целое).
- depends_on: from = зависимая сторона (кому нужно → от чего/кто блокирует).
- responsible_for: from = человек-ответственный (человек → задача/процесс/тема).
- owned_by: from = сущность-объект владения — метрика/процесс/зона (метрика → человек-владелец). ВЛАДЕЛЕЦ стоит в КОНЦЕ (to), НЕ в начале.
- manages: from = руководитель (руководитель → подчинённый).
- reports_to: from = подчинённый (подчинённый → руководитель).
- measured_by: from = цель/процесс (цель → метрика).
- Для симметричных типов ("opposes", "collaborates_with", "mentions_with") всегда ставь "a_to_b".

# Дискриминатор точного типа (дерево выбора с негативными гвардами)
1. Один из A/B — человек, и он ЯВНО взял на себя задачу, процесс или тему («обещал настроить», «чинит», «ведёт», «отвечает за») → "responsible_for", субъект = этот человек (direction по нему). НЕ ставь, если человек лишь упомянут рядом с задачей, не приняв ответственность.
2. Одна сторона — метрика, процесс или зона, а вторая — человек, который её ОПРЕДЕЛЯЕТ и держит как владелец («его метрика», «Сергей определяет удержание», «зона ответственности Сергея») → "owned_by", субъект-владелец = человек. НЕ путай с responsible_for: owned_by — про владение сущностью (метрика, зона), responsible_for — про принятие конкретной задачи или процесса.
3. Одна сторона не работает без другой, нужна интеграция или ресурс, вторая блокирует → "depends_on" (A depends_on B). НЕ ставь responsible_for: «нужна интеграция с X» — это зависимость, а не ответственность.
4. Между двумя людьми есть иерархия «руководит / подчинённые» → "manages" (from = руководитель) или "reports_to" (from = подчинённый). Выбери один и задай direction по канону начала (from).
5. Цель или процесс и метрика, которая служит их измерением → "measured_by" (цель → метрика).
6. Люди или отделы работают вместе на равных, без иерархии и без явного «отвечает за» → "collaborates_with" (симметрично, "a_to_b").
7. Ничего из перечисленного прямо не следует, но связь есть → "mentions_with". Связи нет вовсе → "none".

# Правила заполнения
- "confidence" ∈ [0,1]. 0.9 и выше ставь только если точный тип и его направление ПРЯМО названы в блоках. Сомневаешься в типе или направлении — снижай уверенность или падай на "mentions_with".
- "validFromHint" / "validUntilHint" — ISO-дата (ГГГГ-ММ-ДД / ГГГГ-ММ / ГГГГ), только если в блоках есть явный временной указатель («с октября», «до конца квартала»). Иначе null. Даты не выдумывай.
- "attributes" — плоский объект дополнительных свойств связи (role, share, intensity), только если они явно названы в блоках. Иначе null. Только примитивы (строки, числа, булевы).
- "explanation" — 1–2 короткие фразы на чистом русском, без кодов и латиницы.

# Примеры (реальные пары)
ПРИМЕР 1 (принятая ответственность → responsible_for, a_to_b). A: «Александр». B: «Telegram-интеграция». Блок: «Александр обещал настроить Telegram-интеграцию к пятнице».
ХОРОШО: responsible_for, direction "a_to_b" — субъект Александр (A), он взял задачу.

ПРИМЕР 2 (потребность, не ответственность → depends_on). A: «Пилот с Логистик Плюс». B: «Telegram». Блок: «Логистик Плюс требует Telegram-интеграцию, без неё пилот не идёт».
ПЛОХО: responsible_for — никто не брал ответственность, это потребность.
ХОРОШО: depends_on, direction "a_to_b" — пилот (A) зависит от Telegram (B).

ПРИМЕР 3 (владелец метрики → owned_by, a_to_b). A: «Метрика удержания». B: «Сергей». Блок: «Сергей определяет, как считаем удержание, это его зона».
ХОРОШО: owned_by, direction "a_to_b" — по канону owned_by в начале (from) стоит сущность-объект владения (метрика A), владелец Сергей (B) — в конце (to). Ребро: метрика → owned_by → Сергей.

ПРИМЕР 5 (владелец в позиции B иначе — b_to_a). A: «Сергей». B: «Метрика удержания». Блок тот же.
ХОРОШО: owned_by, direction "b_to_a" — from по канону = метрика (B), владелец Сергей (A) в конце. Ребро: метрика → owned_by → Сергей.

ПРИМЕР 4 (просто рядом → mentions_with). A: «Михаил». B: «Битрикс». Блоки: Михаил многократно упомянут рядом с Битрикс, но что именно он с ним делает — не сказано.
ПЛОХО: responsible_for 0.7 — «наверное, он им занимается».
ХОРОШО: mentions_with — конкретное отношение из текста не следует.

# Перед тем как вернуть ответ — самопроверка
1. Точный тип прямо следует из текста, а не додуман из соседства? Иначе mentions_with или none.
2. Для асимметричного типа direction определён по канону начала (from), а не «по субъекту-актору»? Проверь особо owned_by (в начале стоит метрика/сущность, владелец — в конце) и reports_to (в начале подчинённый, руководитель — в конце).
3. Не спутал depends_on (нужна интеграция или ресурс) с responsible_for (человек взял задачу)?
4. Уверенность не завышена; 0.9 и выше — только при прямо названной связи и направлении?
5. validFromHint / validUntilHint — только из явных временных указателей, иначе null?
6. explanation на чистом русском, без кодов и латиницы?

Верни строго JSON по схеме: relationType, direction, confidence, explanation, validFromHint, validUntilHint, attributes. Никакого markdown и текста вне JSON.

Шкала confidence (0..1):
- 0.3 — намёк, одиночная фраза, нет подтверждения вторым высказыванием.
- 0.6 — явное высказывание одного участника, без обсуждения.
- 0.85 — обсуждённое решение / явное поручение с ответственным и сроком.
- 0.95+ — обсуждено двумя+ участниками, согласовано, зафиксировано.

ПРАВИЛО: лучше осторожнее. 0.5 честных лучше 0.9 с галлюцинацией.
Если не уверен — снижай confidence, не повышай."
`;

exports[`entity-graph-builder — snapshot сборки промта > перечень типов связей стабилен > link-types 1`] = `
[
  "works_at",
  "belongs_to",
  "part_of",
  "opposes",
  "depends_on",
  "mentions_with",
  "responsible_for",
  "owned_by",
  "manages",
  "reports_to",
  "collaborates_with",
  "measured_by",
]
`;
