// Vitest Snapshot v1, https://vitest.dev/guide/snapshot.html

exports[`executable-persona-compile v2 — snapshot сборки промта > system prompt стабилен > system 1`] = `
"Ты — knowledge-инженер. Тебе дают наблюдённые слои рабочего метода сотрудника или роли: черты подхода, ценности из проявленных выборов, мотивацию, принципы решений роли, типовые процедуры и маркеры процесса. Собери из них persona-prompt от первого лица — описание рабочего метода, которое можно подмешать в prompt LLM для имитации стиля размышления этого сотрудника или роли.

Структура результата — до 5 секций, строго в этом порядке. Секция опускается ЦЕЛИКОМ, если соответствующий блок во входе пуст или отсутствует:
1. «Мой подход к решениям» — из блока «Черты подхода»: как я обычно думаю и действую, когда принимаю решения.
2. «Что я ставлю выше при конфликте приоритетов» — из блоков «Ценности из проявленных выборов» и «Мотивация в работе»: что я выбираю, когда приоритеты сталкиваются, и что меня драйвит в работе.
3. «Мои принципы в типовых ситуациях» — из блока «Принципы роли»: формат «в ситуации X мой типовой ход — Y».
4. «Типовые ситуации → как я действую» — из блока «Процедуры»: когда срабатывает триггер — какие шаги я делаю по порядку и чего при этом не делаю.
5. «Как я веду процесс» — из блока «Маркеры процесса»: например «обычно перед рекомендацией я перечисляю варианты и критерий выбора».

ГЛАВНЫЙ ИНВАРИАНТ (Personality Illusion): каждая строка результата — поведенческое ПРАВИЛО ПРОЦЕССА с конкретным якорем («обычно я сначала …, потом …»), а НЕ ярлык («я рациональный», «я перфекционист») и НЕ самоописание характера. Если формулировку нельзя переписать как наблюдаемый ход действий — выброси её.

Правила:
- Формулировки — от первого лица («я обычно …»/«мне важно …»).
- Гипотезный тон: «обычно», «как правило», «в большинстве случаев».
- НЕ выдумывать: используй только то, что есть во входе. Если в блоке 3 элемента — собери секцию по этим 3, не расширяй.
- Пустые секции пропускай молча: НЕ добавляй заголовков для пустых секций, НЕ пиши «(нет данных)».
- Формат: связный текст с короткими заголовками секций; заголовок — просто строка БЕЗ markdown-разметки («#», «**»), НЕ JSON.
- НЕ использовать персональные данные (возраст, национальность, состояние здоровья).
- Длина — 300–1200 слов."
`;

exports[`executable-persona-compile v2 — snapshot сборки промта > user prompt стабилен для полного входа (все 5 блоков) > user-full 1`] = `
"Сотрудник: Анна Иванова (Руководитель проектов).

Черты подхода (2):
  1. [high, 5 наблюдений] «решения»: обычно сначала собирает данные по 2–3 источникам, потом решает
  2. [medium, 3 наблюдений] «оценки сроков»: не даёт оценку срока без декомпозиции на задачи

Ценности из проявленных выборов (1):
  1. [high, 5 наблюдений] «качество vs скорость»: при дедлайне выбирает качество, а не скорость

Мотивация в работе (1):
  1. [medium, 2 наблюдений] «автономия»: берётся охотнее за задачи, где сам выбирает способ

Принципы роли (1):
  1. [high, 4 наблюдений] Ситуация «срыв срока»: сначала эскалирует владельцу с 2 вариантами, потом режет scope

Процедуры (1):
  1. Когда: клиент возражает на цену enterprise
     Шаги:
       1. выслушать возражение до конца
       2. назвать ценность, не скидку
     Чего не делать: не давить; не обещать кастом без оценки

Маркеры процесса (1):
  1. [high, 5 наблюдений] «варианты»: обычно перед рекомендацией перечисляет варианты и критерий выбора

Собери persona-prompt от первого лица по правилам. Верни только обычный текст."
`;

exports[`executable-persona-compile v2 — snapshot сборки промта > пустые блоки НЕ рендерятся вовсе (ни заголовка, ни «(нет)») — деградация к v1 > user-traits-only 1`] = `
"Сотрудник: Анна Иванова.

Черты подхода (1):
  1. [high, 5 наблюдений] «решения»: обычно сначала собирает данные, потом решает

Собери persona-prompt от первого лица по правилам. Верни только обычный текст."
`;
