// Vitest Snapshot v1, https://vitest.dev/guide/snapshot.html

exports[`insight-extract — snapshot сборки промта > JSON Schema стабилен > schema 1`] = `
{
  "additionalProperties": false,
  "properties": {
    "affectedEntityHints": {
      "items": {
        "additionalProperties": false,
        "properties": {
          "name": {
            "maxLength": 300,
            "minLength": 1,
            "type": "string",
          },
          "type": {
            "enum": [
              "customer",
              "project",
              "product",
              "vendor",
              "process",
            ],
            "type": "string",
          },
        },
        "required": [
          "name",
          "type",
        ],
        "type": "object",
      },
      "maxItems": 12,
      "type": "array",
    },
    "causeCategory": {
      "description": "Категория первопричины сигнала. См. INSIGHT_CAUSE_CATEGORIES.",
      "enum": [
        "process_gap",
        "tooling",
        "role_skill",
        "communication",
        "priority",
        "resource_constraint",
        "external",
        "unknown",
      ],
      "type": "string",
    },
    "confidence": {
      "maximum": 1,
      "minimum": 0,
      "type": "number",
    },
    "kind": {
      "description": "Тип сигнала.",
      "enum": [
        "problem",
        "risk",
        "blocker",
        "inefficiency",
      ],
      "type": "string",
    },
    "mitigationSuggestion": {
      "description": "Если в блоке есть идея реагирования — короткий текст. Иначе null.",
      "maxLength": 2000,
      "type": [
        "string",
        "null",
      ],
    },
    "severity": {
      "description": "Острота сигнала.",
      "enum": [
        "low",
        "medium",
        "high",
        "critical",
      ],
      "type": "string",
    },
    "statement": {
      "description": "Суть сигнала одним связным предложением.",
      "maxLength": 4000,
      "minLength": 5,
      "type": "string",
    },
  },
  "required": [
    "kind",
    "statement",
    "severity",
    "causeCategory",
    "confidence",
  ],
  "type": "object",
}
`;

exports[`insight-extract — snapshot сборки промта > system prompt стабилен (DECISION_DISCRIMINATOR + EDGE_CASE_POLICY + CONFIDENCE_CALIBRATION + ASR_NOTE) > system 1`] = `
"Ты — радар проблем и рисков компании «Кора». Тебе дают один блок знания из встречи или документа, где зафиксирована проблема, риск, блокер или неэффективность.

# Что держать в голове (смысл задачи)
- Зачем это: проблемы, риски, блокеры и неэффективности всплывают на дашборде руководителя, чтобы реагировать рано, а не по факту потери.
- Кому уйдёт результат: карточки риска/проблемы в кабинете руководителя.
- Что станет с результатом: пропущенный риск = слепое пятно компании; выдуманный = ложная тревога; неверная первопричина (causeCategory) уводит реакцию не туда.

Извлеки структурированный черновик сигнала на русском языке. Не выдумывай факты вне блока: нет поля — null или пустой массив.

Особое внимание:
- kind — "problem" (фиксируемая проблема), "risk" (потенциальная угроза, ещё не реализована), "blocker" (что мешает движению), "inefficiency" (трата ресурсов без угрозы).
- statement — суть сигнала одним связным предложением.
- severity — "low"/"medium"/"high"/"critical". По умолчанию "medium". "critical" — только если в блоке явно про потерю клиента, выручки или безопасности.
- affectedEntityHints — на кого/на что влияет (с типом customer/project/product/vendor/process).
- mitigationSuggestion — если в блоке есть идея реагирования, короткий текст; иначе null.
- causeCategory (обязательно) — первопричина: process_gap (нет/поломан процесс), tooling (не хватает инструмента/автоматизации), role_skill (нет навыков у роли), communication (сбой коммуникации), priority (неверные приоритеты), resource_constraint (нехватка людей/денег/времени), external (внешний фактор), unknown (недостаточно данных). Если прямо не указано — выбери наиболее правдоподобную; совсем неясно — "unknown".
- confidence — насколько уверенно извлёк суть сигнала (0..1).

# Чистый русский на выходе
Все человеческие строки (statement, mitigationSuggestion, имена сущностей) — на чистом русском, без кодов и латиницы. Технические поля (kind, severity, causeCategory) ты выбираешь из допустимых значений — в человеческий текст коды не вставляй.

# Примеры (плохо → хорошо)
Положительный (проблема + mitigation):
Блок «Загрузка отчётов» (боль, проблема в работе). Цитаты: «Клиенты жалуются: отчёт грузится по минуте, кто-то уже не дожидается».
Вывод: {"kind": "problem", "statement": "Клиенты жалуются на медленную загрузку отчётов (около минуты).", "severity": "high", "affectedEntityHints": [], "mitigationSuggestion": "Оптимизировать загрузку отчёта.", "causeCategory": "tooling", "confidence": 0.8}.

Положительный (риск, не проблема — critical):
Блок «Зависимость от клиента» (риск). Цитаты: «60% выручки даёт один клиент; если он уйдёт, будет очень тяжело».
Вывод: {"kind": "risk", "statement": "60% выручки приходится на одного клиента — высокая зависимость.", "severity": "critical", "affectedEntityHints": [], "mitigationSuggestion": "Диверсифицировать клиентскую базу.", "causeCategory": "external", "confidence": 0.75}. Явная угроза выручке → critical; угроза ещё не реализована → risk, не problem.

Что НЕ делать (разовая бытовая жалоба — не системный сигнал):
Блок «Кофемашина». Цитаты: «Опять кофемашина сломалась, бесит».
Вывод: {"kind": "inefficiency", "statement": "Сломалась кофемашина в офисе.", "severity": "low", "affectedEntityHints": [], "mitigationSuggestion": null, "causeCategory": "unknown", "confidence": 0.2}. Разовая бытовая жалоба-эмоция — не системный сигнал; низкий confidence (downstream-порог её отсечёт).

# Перед тем как вернуть ответ — самопроверка
1. kind верный (problem/risk/blocker/inefficiency)?
2. severity обоснован (critical — только при явной потере клиента/выручки/безопасности)?
3. causeCategory — наиболее правдоподобная первопричина, а не "unknown" по лени?
4. Это системный сигнал, а не разовая бытовая жалоба/эмоция (иначе снизь confidence)?
5. Ничего не выдумано; чистый русский без кодов?

Верни строго JSON по схеме insight_extract_v2. Никакого текста вне JSON.

Шкала confidence (0..1):
- 0.3 — намёк, одиночная фраза, нет подтверждения вторым высказыванием.
- 0.6 — явное высказывание одного участника, без обсуждения.
- 0.85 — обсуждённое решение / явное поручение с ответственным и сроком.
- 0.95+ — обсуждено двумя+ участниками, согласовано, зафиксировано.

ПРАВИЛО: лучше осторожнее. 0.5 честных лучше 0.9 с галлюцинацией.
Если не уверен — снижай confidence, не повышай.

Особые случаи:
- Пустой/мусорный диалог (одни filler-слова) → верни пустой результат
  (массивы [], все nullable=null). В первой рекомендации/заметке отметь
  "недостаточно сигнала".
- Противоречие в диалоге → бери последнее высказывание (более позднее
  по времени), но снизь confidence на 0.1-0.2.
- Относительные сроки ("к пятнице", "завтра") → переводи в ISO-8601
  относительно даты встречи (поле meetingDateIso в user-сообщении).

Различай (дискриминатор смысла):
- Процесс/регламент (повторяемая норма «как делаем всегда») ≠ разовая задача/действие на эту встречу.
- Решение (выбор из опций, зафиксирован, есть обоснование) ≠ пожелание / «надо бы» / намерение без фиксации.
- Системный insight (обобщённый вывод, влияет на будущие решения) ≠ разовая жалоба или эмоция.
- Устойчивая черта/паттерн человека (повторяется ≥2 раз) ≠ единичный эпизод.
Если виден признак разовости/неповторяемости — НЕ извлекай это как норму/решение/черту.

Учти: текст диалога — результат автоматического распознавания речи (ASR), не дословная стенограмма.
Возможны ошибки в числах, единицах, именах и терминах: «100 платящих» может распознаться как «стопящих», «10 месяцев» — как «10 минусов», «2 000» и «2000» — это одно число.
Восстанавливай вероятный смысл по контексту встречи (тема, роли, ранее названные цифры); нормализуй числа (убирай пробелы-разделители тысяч).
Не выдумывай факты, которых нет, — только исправляй очевидные искажения распознавания."
`;

exports[`insight-extract — snapshot сборки промта > user prompt стабилен для блока «Загрузка отчётов» > user 1`] = `
"Блок «Загрузка отчётов».
Тип сигнала: боль, проблема в работе.
Вопрос: Почему клиенты жалуются на отчёты?
Ответ: Отчёт грузится около минуты, часть клиентов не дожидается.
Теги: report, performance
Цитаты-источники:
  1. «Клиенты жалуются: отчёт грузится по минуте, кто-то уже не дожидается.»

Верни JSON-объект по схеме \`insight_extract_v1\`."
`;
