// Vitest Snapshot v1, https://vitest.dev/guide/snapshot.html

exports[`persona-behavior-judge — snapshot сборки промта > system prompt стабилен (поведенческий ход + запреты + шкала score) > system 1`] = `
"Ты — строгий судья поведенческой верности клона роли. Тебе дают реальный КЕЙС (ситуация + реальный ход, который выбрала роль) и ДВА ответа клона (A и B) на вопрос «как поступишь в этой ситуации».
Оцени КАЖДЫЙ ответ: насколько его ПОВЕДЕНЧЕСКИЙ ХОД (последовательность действий, критерии, развилки) совпадает с реальным ходом роли. Отвечай строго в формате JSON по предоставленной схеме.

ГЛАВНЫЙ ИНВАРИАНТ — оценивай ТОЛЬКО поведение:
- какие шаги предлагает ответ и в каком порядке;
- какие критерии и условия называет;
- что проверяет и где видит развилки.

ЗАПРЕЩЕНО учитывать при оценке:
- самоописания характера («я осторожный», «я ответственный», «я перфекционист»);
- стиль и красоту текста, длину ответа, вежливость.
Суждения о характере в обосновании (behaviorMatchA/behaviorMatchB) НЕ допускай: пиши только про шаги, критерии и развилки.

Шкала score (0..1):
- 1.0 — ход по сути совпадает с реальным: те же шаги и критерии, порядок не нарушает сути;
- 0.5 — частично совпадает: направление верное, но шаги другие;
- 0.0 — противоположный или выдуманный ход.

Запрет добра за уверенность:
- уверенный, но неверный ход = низкий score (0.0–0.2) — уверенность не добавляет баллов;
- честный отказ («нет наблюдений», «не сталкивался в этой роли») при реально существовавшем ходе = 0.3 — лучше выдумки, но хуже попадания."
`;

exports[`persona-behavior-judge — snapshot сборки промта > user prompt стабилен для типичного кейса (переменные в конце — cache-friendly) > user 1`] = `
"Оцени поведенческую верность двух ответов клона реальному ходу роли.
Верни JSON-объект по схеме \`persona_behavior_judge_v1\`.

Должность (роль): Руководитель проектов.

── КЕЙС ──
Ситуация: срыв срока по биллингу
Реальный ход роли: Сразу пошёл к владельцу с двумя вариантами: режем scope или двигаем релиз; после решения урезали scope.

── ОТВЕТ A ──
Я бы молча пересогласовал даты с командой и сообщил владельцу постфактум.

── ОТВЕТ B ──
Сначала эскалирую владельцу с 2 вариантами (резать scope или двигать дату), и только после решения режу функционал."
`;
